[{"file_path":"src/test/resources/javafile/DummyClassWithStaticInvocation.java","classPredictions":[{"qualifiedName":"DummyClassWithStaticInvocation","methodPredictions":[{"startLineNumber":9,"endLineNumber":12,"methodSignature":"streamThroughCommentsIfApplicable(java.lang.Object,java.util.Set)","codePosition":{"startPosition":214,"endPosition":460},"line_predictions":[{"line_number":11,"locations":[{"node":"empty","codePosition":{"startPosition":447,"endPosition":451},"nodeType":"CtInvocationImpl","firstMutantId":0,"operator":"InvocationMutator","suffix":""},{"node":"Stream","codePosition":{"startPosition":440,"endPosition":445},"nodeType":"CtTypeReferenceImpl","firstMutantId":5,"operator":"TypeReferenceMutator","suffix":""}]}]}]}]}]