[{"file_path":"src/test/resources/javafile/DummyClassWithNestedCondition.java","classPredictions":[{"qualifiedName":"DummyClassWithIf","methodPredictions":[{"startLineNumber":2,"endLineNumber":5,"methodSignature":"meth()","codePosition":{"startPosition":36,"endPosition":123},"line_predictions":[{"line_number":4,"locations":[{"node":"AND","codePosition":{"startPosition":96,"endPosition":97},"nodeType":"CtBinaryOperatorImpl","firstMutantId":0,"operator":"BinaryOperatorMutator","suffix":""},{"node":"GT","codePosition":{"startPosition":91,"endPosition":93},"nodeType":"CtBinaryOperatorImpl","firstMutantId":5,"operator":"BinaryOperatorMutator","suffix":""},{"node":"n1","codePosition":{"startPosition":89,"endPosition":90},"nodeType":"CtVariableReadImpl","firstMutantId":10,"operator":"LiteralMutator","suffix":""},{"node":"2","codePosition":{"startPosition":94,"endPosition":94},"nodeType":"CtLiteralImpl","firstMutantId":15,"operator":"LiteralMutator","suffix":""},{"node":"LT","codePosition":{"startPosition":101,"endPosition":103},"nodeType":"CtBinaryOperatorImpl","firstMutantId":20,"operator":"BinaryOperatorMutator","suffix":""},{"node":"n2","codePosition":{"startPosition":99,"endPosition":100},"nodeType":"CtVariableReadImpl","firstMutantId":25,"operator":"LiteralMutator","suffix":""},{"node":"3","codePosition":{"startPosition":104,"endPosition":104},"nodeType":"CtLiteralImpl","firstMutantId":30,"operator":"LiteralMutator","suffix":""},{"node":"b \u003d 5","codePosition":{"startPosition":113,"endPosition":115},"nodeType":"CtAssignmentImpl","firstMutantId":35,"operator":"AssignmentMutator","suffix":"\u003d"},{"node":"b","codePosition":{"startPosition":112,"endPosition":112},"nodeType":"CtFieldWriteImpl","firstMutantId":40,"operator":"LiteralMutator","suffix":""},{"node":"b","codePosition":{"startPosition":112,"endPosition":112},"nodeType":"CtFieldReferenceImpl","firstMutantId":45,"operator":"FieldReferenceMutator","suffix":""},{"node":"5","codePosition":{"startPosition":116,"endPosition":116},"nodeType":"CtLiteralImpl","firstMutantId":50,"operator":"LiteralMutator","suffix":""}]}]}]}]}]