[{"file_path":"src/test/resources/javafile/DummyClassWithInstanceOf.java","classPredictions":[{"qualifiedName":"DummyClassWithInstanceOf","methodPredictions":[{"startLineNumber":2,"endLineNumber":7,"methodSignature":"meth()","codePosition":{"startPosition":43,"endPosition":149},"line_predictions":[{"line_number":3,"locations":[{"node":"0","codePosition":{"startPosition":79,"endPosition":79},"nodeType":"CtLiteralImpl","firstMutantId":0,"operator":"LiteralMutator","suffix":""}]},{"line_number":4,"locations":[{"node":"INSTANCEOF","codePosition":{"startPosition":95,"endPosition":106},"nodeType":"CtBinaryOperatorImpl","firstMutantId":5,"operator":"BinaryOperatorMutator","suffix":""},{"node":"j","codePosition":{"startPosition":94,"endPosition":94},"nodeType":"CtVariableReadImpl","firstMutantId":10,"operator":"LiteralMutator","suffix":""},{"node":"java.lang.Integer","codePosition":{"startPosition":107,"endPosition":123},"nodeType":"CtTypeReferenceImpl","firstMutantId":15,"operator":"TypeReferenceMutator","suffix":""}]},{"line_number":5,"locations":[{"node":"POSTINC","codePosition":{"startPosition":131,"endPosition":133},"nodeType":"CtUnaryOperatorImpl","firstMutantId":20,"operator":"UnaryOperatorMutator","suffix":""},{"node":"j","codePosition":{"startPosition":130,"endPosition":130},"nodeType":"CtVariableWriteImpl","firstMutantId":25,"operator":"LiteralMutator","suffix":""}]}]}]}]}]