[{"file_path":"src/test/resources/javafile/ArgumentImpl.java","classPredictions":[{"qualifiedName":"org.apache.commons.cli2.option.ArgumentImpl","methodPredictions":[{"startLineNumber":97,"endLineNumber":133,"methodSignature":"org.apache.commons.cli2.option.ArgumentImpl(java.lang.String,java.lang.String,int,int,char,char,org.apache.commons.cli2.validation.Validator,java.lang.String,java.util.List,int)","codePosition":{"startPosition":2601,"endPosition":5149},"line_predictions":[{"line_number":117,"locations":[{"node":"this.consumeRemaining \u003d consumeRemaining","codePosition":{"startPosition":4474,"endPosition":4476},"nodeType":"CtAssignmentImpl","firstMutantId":0,"operator":"CodeBERTAssignmentMutator","suffix":"\u003d"}]}]},{"startLineNumber":235,"endLineNumber":257,"methodSignature":"validate(org.apache.commons.cli2.WriteableCommandLine,org.apache.commons.cli2.Option)","codePosition":{"startPosition":8340,"endPosition":9222},"line_predictions":[{"line_number":246,"locations":[{"node":"values","codePosition":{"startPosition":8857,"endPosition":8862},"nodeType":"CtVariableReadImpl","firstMutantId":5,"operator":"CodeBERTLiteralMutator","suffix":""}]}]},{"startLineNumber":259,"endLineNumber":321,"methodSignature":"appendUsage(java.lang.StringBuffer,java.util.Set,java.util.Comparator)","codePosition":{"startPosition":9229,"endPosition":11027},"line_predictions":[{"line_number":317,"locations":[{"node":"AND","codePosition":{"startPosition":10934,"endPosition":10937},"nodeType":"CtBinaryOperatorImpl","firstMutantId":10,"operator":"CodeBERTBinaryOperatorMutator","suffix":""}]},{"line_number":285,"locations":[{"node":"\u0027[\u0027","codePosition":{"startPosition":10259,"endPosition":10261},"nodeType":"CtLiteralImpl","firstMutantId":15,"operator":"CodeBERTLiteralMutator","suffix":""}]}]},{"startLineNumber":222,"endLineNumber":224,"methodSignature":"getDefaultValues()","codePosition":{"startPosition":8043,"endPosition":8115},"line_predictions":[{"line_number":223,"locations":[{"node":"this.defaultValues","codePosition":{"startPosition":8091,"endPosition":8108},"nodeType":"CtFieldReadImpl","firstMutantId":20,"operator":"CodeBERTLiteralMutator","suffix":""}]}]}]}]}]