[{"file_path":"src/test/resources/javafile/DummyClassWithFor.java","classPredictions":[{"qualifiedName":"DummyClassWithFor","methodPredictions":[{"startLineNumber":2,"endLineNumber":8,"methodSignature":"main(java.lang.String[])","codePosition":{"startPosition":37,"endPosition":170},"line_predictions":[{"line_number":3,"locations":[{"node":"0","codePosition":{"startPosition":94,"endPosition":94},"nodeType":"CtLiteralImpl","firstMutantId":0,"operator":"LiteralMutator","suffix":""}]},{"line_number":4,"locations":[{"node":"i \u003c 10","codePosition":{"startPosition":119,"endPosition":124},"nodeType":"CtBinaryOperatorImpl","firstMutantId":5,"operator":"ForConditionLocation","suffix":""},{"node":"0","codePosition":{"startPosition":116,"endPosition":116},"nodeType":"CtLiteralImpl","firstMutantId":10,"operator":"LiteralMutator","suffix":""},{"node":"LT","codePosition":{"startPosition":120,"endPosition":122},"nodeType":"CtBinaryOperatorImpl","firstMutantId":15,"operator":"BinaryOperatorMutator","suffix":""},{"node":"i","codePosition":{"startPosition":119,"endPosition":119},"nodeType":"CtVariableReadImpl","firstMutantId":20,"operator":"LiteralMutator","suffix":""},{"node":"10","codePosition":{"startPosition":123,"endPosition":124},"nodeType":"CtLiteralImpl","firstMutantId":25,"operator":"LiteralMutator","suffix":""},{"node":"POSTINC","codePosition":{"startPosition":128,"endPosition":129},"nodeType":"CtUnaryOperatorImpl","firstMutantId":30,"operator":"UnaryOperatorMutator","suffix":""},{"node":"i","codePosition":{"startPosition":127,"endPosition":127},"nodeType":"CtVariableWriteImpl","firstMutantId":35,"operator":"LiteralMutator","suffix":""}]},{"line_number":5,"locations":[{"node":"a \u003d a + i","codePosition":{"startPosition":146,"endPosition":148},"nodeType":"CtAssignmentImpl","firstMutantId":40,"operator":"AssignmentMutator","suffix":"\u003d"},{"node":"a","codePosition":{"startPosition":145,"endPosition":145},"nodeType":"CtVariableWriteImpl","firstMutantId":45,"operator":"LiteralMutator","suffix":""},{"node":"PLUS","codePosition":{"startPosition":150,"endPosition":152},"nodeType":"CtBinaryOperatorImpl","firstMutantId":50,"operator":"BinaryOperatorMutator","suffix":""},{"node":"a","codePosition":{"startPosition":149,"endPosition":149},"nodeType":"CtVariableReadImpl","firstMutantId":55,"operator":"LiteralMutator","suffix":""},{"node":"i","codePosition":{"startPosition":153,"endPosition":153},"nodeType":"CtVariableReadImpl","firstMutantId":60,"operator":"LiteralMutator","suffix":""}]}]}]}]}]