[{"file_path":"src/test/resources/javafile/DummyClassWithTryCatch.java","classPredictions":[{"qualifiedName":"DummyClassWithTryCatch","methodPredictions":[{"startLineNumber":2,"endLineNumber":10,"methodSignature":"meth(int,int)","codePosition":{"startPosition":42,"endPosition":235},"line_predictions":[{"line_number":4,"locations":[{"node":"true","codePosition":{"startPosition":104,"endPosition":107},"nodeType":"CtLiteralImpl","firstMutantId":0,"operator":"LiteralMutator","suffix":""},{"node":"a","codePosition":{"startPosition":117,"endPosition":117},"nodeType":"CtVariableReadImpl","firstMutantId":5,"operator":"LiteralMutator","suffix":""}]},{"line_number":6,"locations":[{"node":"GT","codePosition":{"startPosition":169,"endPosition":171},"nodeType":"CtBinaryOperatorImpl","firstMutantId":10,"operator":"BinaryOperatorMutator","suffix":""},{"node":"a","codePosition":{"startPosition":168,"endPosition":168},"nodeType":"CtVariableReadImpl","firstMutantId":15,"operator":"LiteralMutator","suffix":""},{"node":"b","codePosition":{"startPosition":172,"endPosition":172},"nodeType":"CtVariableReadImpl","firstMutantId":20,"operator":"LiteralMutator","suffix":""}]},{"line_number":7,"locations":[{"node":"PLUS","codePosition":{"startPosition":201,"endPosition":203},"nodeType":"CtBinaryOperatorImpl","firstMutantId":25,"operator":"BinaryOperatorMutator","suffix":""},{"node":"a","codePosition":{"startPosition":200,"endPosition":200},"nodeType":"CtVariableReadImpl","firstMutantId":30,"operator":"LiteralMutator","suffix":""},{"node":"b","codePosition":{"startPosition":204,"endPosition":204},"nodeType":"CtVariableReadImpl","firstMutantId":35,"operator":"LiteralMutator","suffix":""}]}]}]}]}]