[{"file_path":"src/test/resources/javafile/DummyClassWithIf.java","classPredictions":[{"qualifiedName":"DummyClassWithIf","methodPredictions":[{"startLineNumber":2,"endLineNumber":5,"methodSignature":"meth()","codePosition":{"startPosition":36,"endPosition":121},"line_predictions":[{"line_number":3,"locations":[{"node":"true","codePosition":{"startPosition":68,"endPosition":71},"nodeType":"CtLiteralImpl","firstMutantId":0,"operator":"IfConditionReferenceLocation","suffix":""},{"node":"a \u003d 1","codePosition":{"startPosition":79,"endPosition":81},"nodeType":"CtAssignmentImpl","firstMutantId":5,"operator":"AssignmentMutator","suffix":"\u003d"},{"node":"a","codePosition":{"startPosition":78,"endPosition":78},"nodeType":"CtFieldWriteImpl","firstMutantId":10,"operator":"LiteralMutator","suffix":""},{"node":"a","codePosition":{"startPosition":78,"endPosition":78},"nodeType":"CtFieldReferenceImpl","firstMutantId":15,"operator":"FieldReferenceMutator","suffix":""},{"node":"1","codePosition":{"startPosition":82,"endPosition":82},"nodeType":"CtLiteralImpl","firstMutantId":20,"operator":"LiteralMutator","suffix":""}]},{"line_number":4,"locations":[{"node":"a \u003d\u003d 10","codePosition":{"startPosition":97,"endPosition":103},"nodeType":"CtBinaryOperatorImpl","firstMutantId":25,"operator":"IfConditionReferenceLocation","suffix":""},{"node":"a","codePosition":{"startPosition":97,"endPosition":97},"nodeType":"CtFieldReadImpl","firstMutantId":30,"operator":"LiteralMutator","suffix":""},{"node":"a","codePosition":{"startPosition":97,"endPosition":97},"nodeType":"CtFieldReferenceImpl","firstMutantId":35,"operator":"FieldReferenceMutator","suffix":""},{"node":"10","codePosition":{"startPosition":102,"endPosition":103},"nodeType":"CtLiteralImpl","firstMutantId":40,"operator":"LiteralMutator","suffix":""},{"node":"b \u003d 5","codePosition":{"startPosition":111,"endPosition":113},"nodeType":"CtAssignmentImpl","firstMutantId":45,"operator":"AssignmentMutator","suffix":"\u003d"},{"node":"b","codePosition":{"startPosition":110,"endPosition":110},"nodeType":"CtFieldWriteImpl","firstMutantId":50,"operator":"LiteralMutator","suffix":""},{"node":"b","codePosition":{"startPosition":110,"endPosition":110},"nodeType":"CtFieldReferenceImpl","firstMutantId":55,"operator":"FieldReferenceMutator","suffix":""},{"node":"5","codePosition":{"startPosition":114,"endPosition":114},"nodeType":"CtLiteralImpl","firstMutantId":60,"operator":"LiteralMutator","suffix":""}]}]}]}]}]