[{"file_path":"src/test/resources/javafile/DummyClass.java","classPredictions":[{"qualifiedName":"org.apache.commons.cli2.option.DummyClass","methodPredictions":[{"startLineNumber":8,"endLineNumber":10,"methodSignature":"org.apache.commons.cli2.option.DummyClass(char)","codePosition":{"startPosition":177,"endPosition":292},"line_predictions":[{"line_number":9,"locations":[{"node":"this.subsequentSplit \u003d subsequentSeparator !\u003d org.apache.commons.cli2.option.DummyClass.NUL","codePosition":{"startPosition":257,"endPosition":259},"nodeType":"CtAssignmentImpl","firstMutantId":0,"operator":"AssignmentMutator","suffix":"\u003d"},{"node":"this.subsequentSplit","codePosition":{"startPosition":237,"endPosition":256},"nodeType":"CtFieldWriteImpl","firstMutantId":5,"operator":"LiteralMutator","suffix":""},{"node":"this","codePosition":{"startPosition":237,"endPosition":240},"nodeType":"CtThisAccessImpl","firstMutantId":10,"operator":"LiteralMutator","suffix":""},{"node":"subsequentSplit","codePosition":{"startPosition":242,"endPosition":256},"nodeType":"CtFieldReferenceImpl","firstMutantId":15,"operator":"FieldReferenceMutator","suffix":""},{"node":"NE","codePosition":{"startPosition":279,"endPosition":282},"nodeType":"CtBinaryOperatorImpl","firstMutantId":20,"operator":"BinaryOperatorMutator","suffix":""},{"node":"subsequentSeparator","codePosition":{"startPosition":260,"endPosition":278},"nodeType":"CtVariableReadImpl","firstMutantId":25,"operator":"LiteralMutator","suffix":""},{"node":"org.apache.commons.cli2.option.DummyClass.NUL","codePosition":{"startPosition":283,"endPosition":285},"nodeType":"CtFieldReadImpl","firstMutantId":30,"operator":"LiteralMutator","suffix":""}]}]}]}]}]