[{"file_path":"src/test/resources/javafile/DummyClassWithElseIfWithBrackets.java","classPredictions":[{"qualifiedName":"DummyClassWithElseIfWithBrackets","methodPredictions":[{"startLineNumber":2,"endLineNumber":8,"methodSignature":"meth(int,int)","codePosition":{"startPosition":52,"endPosition":194},"line_predictions":[{"line_number":3,"locations":[{"node":"true","codePosition":{"startPosition":96,"endPosition":99},"nodeType":"CtLiteralImpl","firstMutantId":0,"operator":"LiteralMutator","suffix":""}]},{"line_number":4,"locations":[{"node":"a","codePosition":{"startPosition":123,"endPosition":123},"nodeType":"CtVariableReadImpl","firstMutantId":5,"operator":"LiteralMutator","suffix":""}]},{"line_number":5,"locations":[{"node":"GT","codePosition":{"startPosition":146,"endPosition":148},"nodeType":"CtBinaryOperatorImpl","firstMutantId":10,"operator":"BinaryOperatorMutator","suffix":""},{"node":"a","codePosition":{"startPosition":145,"endPosition":145},"nodeType":"CtVariableReadImpl","firstMutantId":15,"operator":"LiteralMutator","suffix":""},{"node":"b","codePosition":{"startPosition":149,"endPosition":149},"nodeType":"CtVariableReadImpl","firstMutantId":20,"operator":"LiteralMutator","suffix":""}]},{"line_number":6,"locations":[{"node":"PLUS","codePosition":{"startPosition":174,"endPosition":176},"nodeType":"CtBinaryOperatorImpl","firstMutantId":25,"operator":"BinaryOperatorMutator","suffix":""},{"node":"a","codePosition":{"startPosition":173,"endPosition":173},"nodeType":"CtVariableReadImpl","firstMutantId":30,"operator":"LiteralMutator","suffix":""},{"node":"b","codePosition":{"startPosition":177,"endPosition":177},"nodeType":"CtVariableReadImpl","firstMutantId":35,"operator":"LiteralMutator","suffix":""}]}]}]}]}]