[{"file_path":"src/test/resources/javafile/DummyClassWithStaticInvocation.java","classPredictions":[{"qualifiedName":"DummyClassWithStaticInvocation","methodPredictions":[{"startLineNumber":9,"endLineNumber":12,"methodSignature":"streamThroughCommentsIfApplicable(java.lang.Object,java.util.Set)","codePosition":{"startPosition":214,"endPosition":460},"line_predictions":[{"line_number":11,"locations":[{"node":"empty","codePosition":{"startPosition":447,"endPosition":451},"nodeType":"CtInvocationImpl","firstMutantId":0,"operator":"InvocationMutator","suffix":""},{"node":"java.util.stream.Stream","codePosition":{"startPosition":440,"endPosition":462},"nodeType":"CtTypeReferenceImpl","firstMutantId":5,"operator":"TypeReferenceMutator","suffix":""}]}]},{"startLineNumber":14,"endLineNumber":17,"methodSignature":"streamThroughCommentsIfApplicableQualifiedName(java.lang.Object,java.util.Set)","codePosition":{"startPosition":467,"endPosition":743},"line_predictions":[{"line_number":16,"locations":[{"node":"empty","codePosition":{"startPosition":730,"endPosition":734},"nodeType":"CtInvocationImpl","firstMutantId":10,"operator":"InvocationMutator","suffix":""},{"node":"java.util.stream.Stream","codePosition":{"startPosition":706,"endPosition":728},"nodeType":"CtTypeReferenceImpl","firstMutantId":15,"operator":"TypeReferenceMutator","suffix":""}]}]},{"startLineNumber":19,"endLineNumber":22,"methodSignature":"streamThroughCommentsIfApplicableMethodArguments(java.lang.Object,java.util.Set)","codePosition":{"startPosition":750,"endPosition":1058},"line_predictions":[{"line_number":21,"locations":[{"node":"equals","codePosition":{"startPosition":1028,"endPosition":1033},"nodeType":"CtInvocationImpl","firstMutantId":20,"operator":"InvocationMutator","suffix":""},{"node":"java.util.stream.Stream","codePosition":{"startPosition":1004,"endPosition":1026},"nodeType":"CtTypeReferenceImpl","firstMutantId":25,"operator":"TypeReferenceMutator","suffix":""},{"node":"45","codePosition":{"startPosition":1035,"endPosition":1036},"nodeType":"CtLiteralImpl","firstMutantId":30,"operator":"LiteralMutator","suffix":""},{"node":"\"forty-five\"","codePosition":{"startPosition":1039,"endPosition":1050},"nodeType":"CtLiteralImpl","firstMutantId":35,"operator":"LiteralMutator","suffix":""}]}]},{"startLineNumber":24,"endLineNumber":28,"methodSignature":"streamThroughCommentsIfApplicableObject(java.lang.Object,java.util.Set)","codePosition":{"startPosition":1065,"endPosition":1278},"line_predictions":[{"line_number":27,"locations":[{"node":"empty","codePosition":{"startPosition":1265,"endPosition":1269},"nodeType":"CtInvocationImpl","firstMutantId":40,"operator":"InvocationMutator","suffix":""},{"node":"st","codePosition":{"startPosition":1262,"endPosition":1263},"nodeType":"CtVariableReadImpl","firstMutantId":45,"operator":"LiteralMutator","suffix":""}]}]}]}]}]