[{"file_path":"src/test/resources/javafile/DummyClassWithIfNestedCdt.java","classPredictions":[{"qualifiedName":"DummyClassWithIf","methodPredictions":[{"startLineNumber":2,"endLineNumber":4,"methodSignature":"meth(int,int)","codePosition":{"startPosition":36,"endPosition":114},"line_predictions":[{"line_number":3,"locations":[{"node":"AND","codePosition":{"startPosition":88,"endPosition":91},"nodeType":"CtBinaryOperatorImpl","firstMutantId":0,"operator":"BinaryOperatorMutator","suffix":""},{"node":"(a \u003c 10) \u0026\u0026 (b \u003e 11)","codePosition":{"startPosition":80,"endPosition":99},"nodeType":"CtBinaryOperatorImpl","firstMutantId":5,"operator":"IfConditionReferenceLocation","suffix":""},{"node":"LT","codePosition":{"startPosition":82,"endPosition":84},"nodeType":"CtBinaryOperatorImpl","firstMutantId":10,"operator":"BinaryOperatorMutator","suffix":""},{"node":"a","codePosition":{"startPosition":81,"endPosition":81},"nodeType":"CtVariableReadImpl","firstMutantId":15,"operator":"LiteralMutator","suffix":""},{"node":"10","codePosition":{"startPosition":85,"endPosition":86},"nodeType":"CtLiteralImpl","firstMutantId":20,"operator":"LiteralMutator","suffix":""},{"node":"GT","codePosition":{"startPosition":94,"endPosition":96},"nodeType":"CtBinaryOperatorImpl","firstMutantId":25,"operator":"BinaryOperatorMutator","suffix":""},{"node":"b","codePosition":{"startPosition":93,"endPosition":93},"nodeType":"CtVariableReadImpl","firstMutantId":30,"operator":"LiteralMutator","suffix":""},{"node":"11","codePosition":{"startPosition":97,"endPosition":98},"nodeType":"CtLiteralImpl","firstMutantId":35,"operator":"LiteralMutator","suffix":""}]}]}]}]}]