[{"file_path":"src/test/resources/javafile/DummyClassWithNestedElseIf.java","classPredictions":[{"qualifiedName":"DummyClassWithElseIf","methodPredictions":[{"startLineNumber":2,"endLineNumber":9,"methodSignature":"meth(int,int)","codePosition":{"startPosition":40,"endPosition":198},"line_predictions":[{"line_number":3,"locations":[{"node":"true","codePosition":{"startPosition":84,"endPosition":87},"nodeType":"CtLiteralImpl","firstMutantId":0,"operator":"IfConditionReferenceLocation","suffix":""},{"node":"a","codePosition":{"startPosition":97,"endPosition":97},"nodeType":"CtVariableReadImpl","firstMutantId":5,"operator":"LiteralMutator","suffix":""}]},{"line_number":5,"locations":[{"node":"a \u003e b","codePosition":{"startPosition":131,"endPosition":135},"nodeType":"CtBinaryOperatorImpl","firstMutantId":10,"operator":"IfConditionReferenceLocation","suffix":""},{"node":"GT","codePosition":{"startPosition":132,"endPosition":134},"nodeType":"CtBinaryOperatorImpl","firstMutantId":15,"operator":"BinaryOperatorMutator","suffix":""},{"node":"a","codePosition":{"startPosition":131,"endPosition":131},"nodeType":"CtVariableReadImpl","firstMutantId":20,"operator":"LiteralMutator","suffix":""},{"node":"b","codePosition":{"startPosition":135,"endPosition":135},"nodeType":"CtVariableReadImpl","firstMutantId":25,"operator":"LiteralMutator","suffix":""}]},{"line_number":6,"locations":[{"node":"PLUS","codePosition":{"startPosition":164,"endPosition":166},"nodeType":"CtBinaryOperatorImpl","firstMutantId":30,"operator":"BinaryOperatorMutator","suffix":""},{"node":"a","codePosition":{"startPosition":163,"endPosition":163},"nodeType":"CtVariableReadImpl","firstMutantId":35,"operator":"LiteralMutator","suffix":""},{"node":"b","codePosition":{"startPosition":167,"endPosition":167},"nodeType":"CtVariableReadImpl","firstMutantId":40,"operator":"LiteralMutator","suffix":""}]}]}]}]}]