[{"file_path":"src/test/resources/javafile/ArgumentImpl.java","classPredictions":[{"qualifiedName":"org.apache.commons.cli2.option.ArgumentImpl","methodPredictions":[{"startLineNumber":97,"endLineNumber":133,"methodSignature":"org.apache.commons.cli2.option.ArgumentImpl(java.lang.String,java.lang.String,int,int,char,char,org.apache.commons.cli2.validation.Validator,java.lang.String,java.util.List,int)","codePosition":{"startPosition":2601,"endPosition":5149},"line_predictions":[{"line_number":109,"locations":[{"node":"this.name \u003d (name \u003d\u003d null) ? \"arg\" : name","codePosition":{"startPosition":4106,"endPosition":4108},"nodeType":"CtAssignmentImpl","firstMutantId":0,"operator":"AssignmentMutator","suffix":"\u003d"},{"node":"this.name","codePosition":{"startPosition":4097,"endPosition":4105},"nodeType":"CtFieldWriteImpl","firstMutantId":5,"operator":"LiteralMutator","suffix":""},{"node":"this","codePosition":{"startPosition":4097,"endPosition":4100},"nodeType":"CtThisAccessImpl","firstMutantId":10,"operator":"LiteralMutator","suffix":""},{"node":"name","codePosition":{"startPosition":4102,"endPosition":4105},"nodeType":"CtFieldReferenceImpl","firstMutantId":15,"operator":"FieldReferenceMutator","suffix":""},{"node":"(name \u003d\u003d null) ? \"arg\" : name","codePosition":{"startPosition":4109,"endPosition":4137},"nodeType":"CtConditionalImpl","firstMutantId":20,"operator":"LiteralMutator","suffix":""}]}]}]}]}]