[{"file_path":"src/test/resources/javafile/DummyClassWithLoop.java","classPredictions":[{"qualifiedName":"DummyClassWithLoop","methodPredictions":[{"startLineNumber":2,"endLineNumber":7,"methodSignature":"main(java.lang.String[])","codePosition":{"startPosition":38,"endPosition":153},"line_predictions":[{"line_number":3,"locations":[{"node":"0","codePosition":{"startPosition":95,"endPosition":95},"nodeType":"CtLiteralImpl","firstMutantId":0,"operator":"LiteralMutator","suffix":""}]},{"line_number":4,"locations":[{"node":"i \u003c 10","codePosition":{"startPosition":112,"endPosition":117},"nodeType":"CtBinaryOperatorImpl","firstMutantId":5,"operator":"WhileConditionLocation","suffix":""},{"node":"LT","codePosition":{"startPosition":113,"endPosition":115},"nodeType":"CtBinaryOperatorImpl","firstMutantId":10,"operator":"BinaryOperatorMutator","suffix":""},{"node":"i","codePosition":{"startPosition":112,"endPosition":112},"nodeType":"CtVariableReadImpl","firstMutantId":15,"operator":"LiteralMutator","suffix":""},{"node":"10","codePosition":{"startPosition":116,"endPosition":117},"nodeType":"CtLiteralImpl","firstMutantId":20,"operator":"LiteralMutator","suffix":""}]},{"line_number":5,"locations":[{"node":"POSTINC","codePosition":{"startPosition":135,"endPosition":137},"nodeType":"CtUnaryOperatorImpl","firstMutantId":25,"operator":"UnaryOperatorMutator","suffix":""},{"node":"i","codePosition":{"startPosition":134,"endPosition":134},"nodeType":"CtVariableWriteImpl","firstMutantId":30,"operator":"LiteralMutator","suffix":""}]}]}]}]}]