[{"file_path":"src/test/resources/javafile/DummyClassWithElseIf.java","classPredictions":[{"qualifiedName":"DummyClassWithElseIf","methodPredictions":[{"startLineNumber":2,"endLineNumber":5,"methodSignature":"meth(int,int)","codePosition":{"startPosition":40,"endPosition":142},"line_predictions":[{"line_number":3,"locations":[{"node":"true","codePosition":{"startPosition":84,"endPosition":87},"nodeType":"CtLiteralImpl","firstMutantId":0,"operator":"LiteralMutator","suffix":""},{"node":"a","codePosition":{"startPosition":97,"endPosition":97},"nodeType":"CtVariableReadImpl","firstMutantId":5,"operator":"LiteralMutator","suffix":""}]},{"line_number":4,"locations":[{"node":"GT","codePosition":{"startPosition":118,"endPosition":120},"nodeType":"CtBinaryOperatorImpl","firstMutantId":10,"operator":"BinaryOperatorMutator","suffix":""},{"node":"a","codePosition":{"startPosition":117,"endPosition":117},"nodeType":"CtVariableReadImpl","firstMutantId":15,"operator":"LiteralMutator","suffix":""},{"node":"b","codePosition":{"startPosition":121,"endPosition":121},"nodeType":"CtVariableReadImpl","firstMutantId":20,"operator":"LiteralMutator","suffix":""},{"node":"PLUS","codePosition":{"startPosition":132,"endPosition":134},"nodeType":"CtBinaryOperatorImpl","firstMutantId":25,"operator":"BinaryOperatorMutator","suffix":""},{"node":"a","codePosition":{"startPosition":131,"endPosition":131},"nodeType":"CtVariableReadImpl","firstMutantId":30,"operator":"LiteralMutator","suffix":""},{"node":"b","codePosition":{"startPosition":135,"endPosition":135},"nodeType":"CtVariableReadImpl","firstMutantId":35,"operator":"LiteralMutator","suffix":""}]}]}]}]}]